::1 - - [10/Nov/2018:00:07:06 +0000] "GET /api/user HTTP/1.1" 304 - "http://localhost:3000/" "Mozilla/5.0 (Windows NT 10.0; Win64; x64) AppleWebKit/537.36 (KHTML, like Gecko) Chrome/69.0.3497.100 Safari/537.36"
::1 - - [10/Nov/2018:00:07:07 +0000] "GET /api/user HTTP/1.1" 304 - "http://localhost:3000/" "Mozilla/5.0 (Windows NT 10.0; Win64; x64) AppleWebKit/537.36 (KHTML, like Gecko) Chrome/69.0.3497.100 Safari/537.36"
::1 - - [10/Nov/2018:00:07:07 +0000] "GET /api/user/5be36da8b4398315e4cd6312 HTTP/1.1" 304 - "http://localhost:3000/" "Mozilla/5.0 (Windows NT 10.0; Win64; x64) AppleWebKit/537.36 (KHTML, like Gecko) Chrome/69.0.3497.100 Safari/537.36"
::1 - - [10/Nov/2018:00:07:08 +0000] "GET /api/user HTTP/1.1" 304 - "http://localhost:3000/" "Mozilla/5.0 (Windows NT 10.0; Win64; x64) AppleWebKit/537.36 (KHTML, like Gecko) Chrome/69.0.3497.100 Safari/537.36"
::1 - - [10/Nov/2018:00:07:09 +0000] "GET /api/user HTTP/1.1" 304 - "http://localhost:3000/" "Mozilla/5.0 (Windows NT 10.0; Win64; x64) AppleWebKit/537.36 (KHTML, like Gecko) Chrome/69.0.3497.100 Safari/537.36"
::1 - - [10/Nov/2018:00:07:09 +0000] "GET /api/user/5be36da8b4398315e4cd6312 HTTP/1.1" 304 - "http://localhost:3000/" "Mozilla/5.0 (Windows NT 10.0; Win64; x64) AppleWebKit/537.36 (KHTML, like Gecko) Chrome/69.0.3497.100 Safari/537.36"
::1 - - [10/Nov/2018:00:07:18 +0000] "PATCH /api/user/5be36da8b4398315e4cd6312 HTTP/1.1" 200 285 "http://localhost:3000/" "Mozilla/5.0 (Windows NT 10.0; Win64; x64) AppleWebKit/537.36 (KHTML, like Gecko) Chrome/69.0.3497.100 Safari/537.36"
::1 - - [10/Nov/2018:00:07:18 +0000] "GET /api/user HTTP/1.1" 304 - "http://localhost:3000/" "Mozilla/5.0 (Windows NT 10.0; Win64; x64) AppleWebKit/537.36 (KHTML, like Gecko) Chrome/69.0.3497.100 Safari/537.36"
::1 - - [10/Nov/2018:00:07:22 +0000] "GET /api/user/5be36da8b4398315e4cd6312 HTTP/1.1" 304 - "http://localhost:3000/" "Mozilla/5.0 (Windows NT 10.0; Win64; x64) AppleWebKit/537.36 (KHTML, like Gecko) Chrome/69.0.3497.100 Safari/537.36"
::1 - - [10/Nov/2018:00:07:22 +0000] "GET /api/user HTTP/1.1" 304 - "http://localhost:3000/" "Mozilla/5.0 (Windows NT 10.0; Win64; x64) AppleWebKit/537.36 (KHTML, like Gecko) Chrome/69.0.3497.100 Safari/537.36"
::1 - - [10/Nov/2018:00:07:23 +0000] "GET /api/user HTTP/1.1" 304 - "http://localhost:3000/" "Mozilla/5.0 (Windows NT 10.0; Win64; x64) AppleWebKit/537.36 (KHTML, like Gecko) Chrome/69.0.3497.100 Safari/537.36"
::1 - - [10/Nov/2018:00:08:14 +0000] "GET /api/user HTTP/1.1" 304 - "http://localhost:3000/" "Mozilla/5.0 (Windows NT 10.0; Win64; x64) AppleWebKit/537.36 (KHTML, like Gecko) Chrome/69.0.3497.100 Safari/537.36"
::1 - - [10/Nov/2018:00:08:16 +0000] "GET /api/user HTTP/1.1" 304 - "http://localhost:3000/" "Mozilla/5.0 (Windows NT 10.0; Win64; x64) AppleWebKit/537.36 (KHTML, like Gecko) Chrome/69.0.3497.100 Safari/537.36"
::1 - - [10/Nov/2018:00:08:16 +0000] "GET /api/user/5be36da8b4398315e4cd6312 HTTP/1.1" 304 - "http://localhost:3000/" "Mozilla/5.0 (Windows NT 10.0; Win64; x64) AppleWebKit/537.36 (KHTML, like Gecko) Chrome/69.0.3497.100 Safari/537.36"
::1 - - [10/Nov/2018:00:10:49 +0000] "PATCH /api/user/5be36da8b4398315e4cd6312 HTTP/1.1" 500 1917 "http://localhost:3000/" "Mozilla/5.0 (Windows NT 10.0; Win64; x64) AppleWebKit/537.36 (KHTML, like Gecko) Chrome/69.0.3497.100 Safari/537.36"
::1 - - [10/Nov/2018:00:11:14 +0000] "GET /api/user HTTP/1.1" 304 - "http://localhost:3000/" "Mozilla/5.0 (Windows NT 10.0; Win64; x64) AppleWebKit/537.36 (KHTML, like Gecko) Chrome/69.0.3497.100 Safari/537.36"
::1 - - [10/Nov/2018:00:11:14 +0000] "GET /api/user/5be36da8b4398315e4cd6312 HTTP/1.1" 304 - "http://localhost:3000/" "Mozilla/5.0 (Windows NT 10.0; Win64; x64) AppleWebKit/537.36 (KHTML, like Gecko) Chrome/69.0.3497.100 Safari/537.36"
::1 - - [10/Nov/2018:00:11:20 +0000] "PATCH /api/user/5be36da8b4398315e4cd6312 HTTP/1.1" 500 1917 "http://localhost:3000/" "Mozilla/5.0 (Windows NT 10.0; Win64; x64) AppleWebKit/537.36 (KHTML, like Gecko) Chrome/69.0.3497.100 Safari/537.36"
::1 - - [10/Nov/2018:00:11:28 +0000] "GET /api/user HTTP/1.1" 304 - "http://localhost:3000/" "Mozilla/5.0 (Windows NT 10.0; Win64; x64) AppleWebKit/537.36 (KHTML, like Gecko) Chrome/69.0.3497.100 Safari/537.36"
::1 - - [10/Nov/2018:00:11:30 +0000] "GET /api/user/5be36da8b4398315e4cd6312 HTTP/1.1" 304 - "http://localhost:3000/" "Mozilla/5.0 (Windows NT 10.0; Win64; x64) AppleWebKit/537.36 (KHTML, like Gecko) Chrome/69.0.3497.100 Safari/537.36"
::1 - - [10/Nov/2018:00:11:30 +0000] "GET /api/user HTTP/1.1" 304 - "http://localhost:3000/" "Mozilla/5.0 (Windows NT 10.0; Win64; x64) AppleWebKit/537.36 (KHTML, like Gecko) Chrome/69.0.3497.100 Safari/537.36"
::1 - - [10/Nov/2018:00:11:32 +0000] "GET /api/user HTTP/1.1" 304 - "http://localhost:3000/" "Mozilla/5.0 (Windows NT 10.0; Win64; x64) AppleWebKit/537.36 (KHTML, like Gecko) Chrome/69.0.3497.100 Safari/537.36"
::1 - - [10/Nov/2018:00:11:33 +0000] "GET /api/user HTTP/1.1" 304 - "http://localhost:3000/" "Mozilla/5.0 (Windows NT 10.0; Win64; x64) AppleWebKit/537.36 (KHTML, like Gecko) Chrome/69.0.3497.100 Safari/537.36"
::1 - - [10/Nov/2018:00:11:33 +0000] "GET /api/user/5be36da8b4398315e4cd6312 HTTP/1.1" 304 - "http://localhost:3000/" "Mozilla/5.0 (Windows NT 10.0; Win64; x64) AppleWebKit/537.36 (KHTML, like Gecko) Chrome/69.0.3497.100 Safari/537.36"
::1 - - [10/Nov/2018:00:11:41 +0000] "PATCH /api/user/5be36da8b4398315e4cd6312 HTTP/1.1" 500 1917 "http://localhost:3000/" "Mozilla/5.0 (Windows NT 10.0; Win64; x64) AppleWebKit/537.36 (KHTML, like Gecko) Chrome/69.0.3497.100 Safari/537.36"
::1 - - [10/Nov/2018:00:11:49 +0000] "GET /api/user HTTP/1.1" 304 - "http://localhost:3000/" "Mozilla/5.0 (Windows NT 10.0; Win64; x64) AppleWebKit/537.36 (KHTML, like Gecko) Chrome/69.0.3497.100 Safari/537.36"
::1 - - [10/Nov/2018:00:11:50 +0000] "GET /api/user HTTP/1.1" 304 - "http://localhost:3000/" "Mozilla/5.0 (Windows NT 10.0; Win64; x64) AppleWebKit/537.36 (KHTML, like Gecko) Chrome/69.0.3497.100 Safari/537.36"
::1 - - [10/Nov/2018:00:11:50 +0000] "GET /api/user/5be36da8b4398315e4cd6312 HTTP/1.1" 304 - "http://localhost:3000/" "Mozilla/5.0 (Windows NT 10.0; Win64; x64) AppleWebKit/537.36 (KHTML, like Gecko) Chrome/69.0.3497.100 Safari/537.36"
::1 - - [10/Nov/2018:00:11:59 +0000] "PATCH /api/user/5be36da8b4398315e4cd6312 HTTP/1.1" 500 1917 "http://localhost:3000/" "Mozilla/5.0 (Windows NT 10.0; Win64; x64) AppleWebKit/537.36 (KHTML, like Gecko) Chrome/69.0.3497.100 Safari/537.36"
::1 - - [10/Nov/2018:00:12:04 +0000] "GET /api/user HTTP/1.1" 304 - "http://localhost:3000/" "Mozilla/5.0 (Windows NT 10.0; Win64; x64) AppleWebKit/537.36 (KHTML, like Gecko) Chrome/69.0.3497.100 Safari/537.36"
::1 - - [10/Nov/2018:00:30:12 +0000] "GET /api/user HTTP/1.1" 200 1450 "http://localhost:3000/" "Mozilla/5.0 (Windows NT 10.0; Win64; x64) AppleWebKit/537.36 (KHTML, like Gecko) Chrome/69.0.3497.100 Safari/537.36"
::1 - - [10/Nov/2018:00:30:21 +0000] "GET /api/user HTTP/1.1" 304 - "http://localhost:3000/" "Mozilla/5.0 (Windows NT 10.0; Win64; x64) AppleWebKit/537.36 (KHTML, like Gecko) Chrome/69.0.3497.100 Safari/537.36"
::1 - - [10/Nov/2018:00:30:21 +0000] "GET /api/user/5be5f250f8669036f4eb2630 HTTP/1.1" 304 - "http://localhost:3000/" "Mozilla/5.0 (Windows NT 10.0; Win64; x64) AppleWebKit/537.36 (KHTML, like Gecko) Chrome/69.0.3497.100 Safari/537.36"
::1 - - [10/Nov/2018:00:30:29 +0000] "GET /api/user HTTP/1.1" 304 - "http://localhost:3000/" "Mozilla/5.0 (Windows NT 10.0; Win64; x64) AppleWebKit/537.36 (KHTML, like Gecko) Chrome/69.0.3497.100 Safari/537.36"
::ffff:127.0.0.1 - - [10/Nov/2018:00:49:41 +0000] "POST /api/user HTTP/1.1" 200 340 "-" "Apache-HttpClient/4.1.1 (java 1.5)"
::1 - - [10/Nov/2018:00:50:51 +0000] "POST /api/user HTTP/1.1" 200 289 "http://localhost:3000/" "Mozilla/5.0 (Windows NT 10.0; Win64; x64) AppleWebKit/537.36 (KHTML, like Gecko) Chrome/69.0.3497.100 Safari/537.36"
::1 - - [10/Nov/2018:00:53:03 +0000] "POST /api/user HTTP/1.1" 200 279 "http://localhost:3000/" "Mozilla/5.0 (Windows NT 10.0; Win64; x64) AppleWebKit/537.36 (KHTML, like Gecko) Chrome/69.0.3497.100 Safari/537.36"
::1 - - [10/Nov/2018:00:53:27 +0000] "POST /api/session/login HTTP/1.1" 401 27 "http://localhost:3000/" "Mozilla/5.0 (Windows NT 10.0; Win64; x64) AppleWebKit/537.36 (KHTML, like Gecko) Chrome/69.0.3497.100 Safari/537.36"
::1 - - [10/Nov/2018:00:53:37 +0000] "POST /api/session/login HTTP/1.1" 401 27 "http://localhost:3000/" "Mozilla/5.0 (Windows NT 10.0; Win64; x64) AppleWebKit/537.36 (KHTML, like Gecko) Chrome/69.0.3497.100 Safari/537.36"
::1 - - [10/Nov/2018:01:01:55 +0000] "POST /api/session/login HTTP/1.1" 404 13 "http://localhost:3000/" "Mozilla/5.0 (Windows NT 10.0; Win64; x64) AppleWebKit/537.36 (KHTML, like Gecko) Chrome/69.0.3497.100 Safari/537.36"
::1 - - [10/Nov/2018:01:02:11 +0000] "POST /api/session/login HTTP/1.1" 200 195 "http://localhost:3000/" "Mozilla/5.0 (Windows NT 10.0; Win64; x64) AppleWebKit/537.36 (KHTML, like Gecko) Chrome/69.0.3497.100 Safari/537.36"
::1 - - [10/Nov/2018:01:02:11 +0000] "GET /api/user HTTP/1.1" 200 2700 "http://localhost:3000/" "Mozilla/5.0 (Windows NT 10.0; Win64; x64) AppleWebKit/537.36 (KHTML, like Gecko) Chrome/69.0.3497.100 Safari/537.36"
::1 - - [10/Nov/2018:01:02:28 +0000] "DELETE /api/user/5be62285db6ccd56e0799042 HTTP/1.1" 200 271 "http://localhost:3000/" "Mozilla/5.0 (Windows NT 10.0; Win64; x64) AppleWebKit/537.36 (KHTML, like Gecko) Chrome/69.0.3497.100 Safari/537.36"
::1 - - [10/Nov/2018:01:02:28 +0000] "DELETE /api/user/5be627379eae14369816f211 HTTP/1.1" 200 271 "http://localhost:3000/" "Mozilla/5.0 (Windows NT 10.0; Win64; x64) AppleWebKit/537.36 (KHTML, like Gecko) Chrome/69.0.3497.100 Safari/537.36"
::1 - - [10/Nov/2018:01:02:29 +0000] "DELETE /api/user/5be627d3e1eca432d0d92029 HTTP/1.1" 200 271 "http://localhost:3000/" "Mozilla/5.0 (Windows NT 10.0; Win64; x64) AppleWebKit/537.36 (KHTML, like Gecko) Chrome/69.0.3497.100 Safari/537.36"
::1 - - [10/Nov/2018:01:02:32 +0000] "DELETE /api/user/5be62bef00f1c91f985219fe HTTP/1.1" 200 271 "http://localhost:3000/" "Mozilla/5.0 (Windows NT 10.0; Win64; x64) AppleWebKit/537.36 (KHTML, like Gecko) Chrome/69.0.3497.100 Safari/537.36"
::1 - - [10/Nov/2018:01:02:36 +0000] "DELETE /api/user/5be5f3ffafea9d4d90460bf9 HTTP/1.1" 200 271 "http://localhost:3000/" "Mozilla/5.0 (Windows NT 10.0; Win64; x64) AppleWebKit/537.36 (KHTML, like Gecko) Chrome/69.0.3497.100 Safari/537.36"
::1 - - [10/Nov/2018:01:02:37 +0000] "DELETE /api/user/5be5f250f8669036f4eb2630 HTTP/1.1" 200 271 "http://localhost:3000/" "Mozilla/5.0 (Windows NT 10.0; Win64; x64) AppleWebKit/537.36 (KHTML, like Gecko) Chrome/69.0.3497.100 Safari/537.36"
::1 - - [10/Nov/2018:01:02:37 +0000] "DELETE /api/user/5be36da8b4398315e4cd6312 HTTP/1.1" 200 271 "http://localhost:3000/" "Mozilla/5.0 (Windows NT 10.0; Win64; x64) AppleWebKit/537.36 (KHTML, like Gecko) Chrome/69.0.3497.100 Safari/537.36"
::1 - - [10/Nov/2018:01:02:40 +0000] "GET /api/user HTTP/1.1" 200 691 "http://localhost:3000/" "Mozilla/5.0 (Windows NT 10.0; Win64; x64) AppleWebKit/537.36 (KHTML, like Gecko) Chrome/69.0.3497.100 Safari/537.36"
::1 - - [10/Nov/2018:01:02:42 +0000] "DELETE /api/user/5be61d72490d23036421df36 HTTP/1.1" 200 271 "http://localhost:3000/" "Mozilla/5.0 (Windows NT 10.0; Win64; x64) AppleWebKit/537.36 (KHTML, like Gecko) Chrome/69.0.3497.100 Safari/537.36"
::1 - - [10/Nov/2018:01:02:44 +0000] "GET /api/user HTTP/1.1" 200 534 "http://localhost:3000/" "Mozilla/5.0 (Windows NT 10.0; Win64; x64) AppleWebKit/537.36 (KHTML, like Gecko) Chrome/69.0.3497.100 Safari/537.36"
::1 - - [10/Nov/2018:01:02:47 +0000] "DELETE /api/user/5be62da49464e34d28bb18c8 HTTP/1.1" 200 271 "http://localhost:3000/" "Mozilla/5.0 (Windows NT 10.0; Win64; x64) AppleWebKit/537.36 (KHTML, like Gecko) Chrome/69.0.3497.100 Safari/537.36"
::1 - - [10/Nov/2018:01:02:49 +0000] "GET /api/user HTTP/1.1" 200 254 "http://localhost:3000/" "Mozilla/5.0 (Windows NT 10.0; Win64; x64) AppleWebKit/537.36 (KHTML, like Gecko) Chrome/69.0.3497.100 Safari/537.36"
::1 - - [10/Nov/2018:01:19:59 +0000] "GET /api/user HTTP/1.1" 304 - "http://localhost:3000/" "Mozilla/5.0 (Windows NT 10.0; Win64; x64) AppleWebKit/537.36 (KHTML, like Gecko) Chrome/69.0.3497.100 Safari/537.36"
::1 - - [10/Nov/2018:01:20:03 +0000] "GET /api/user HTTP/1.1" 304 - "http://localhost:3000/" "Mozilla/5.0 (Windows NT 10.0; Win64; x64) AppleWebKit/537.36 (KHTML, like Gecko) Chrome/69.0.3497.100 Safari/537.36"
::1 - - [10/Nov/2018:01:20:07 +0000] "GET /api/user HTTP/1.1" 304 - "http://localhost:3000/" "Mozilla/5.0 (Windows NT 10.0; Win64; x64) AppleWebKit/537.36 (KHTML, like Gecko) Chrome/69.0.3497.100 Safari/537.36"
::1 - - [10/Nov/2018:01:20:07 +0000] "GET /api/user/5be4de7358f0ca2cc0fdae27 HTTP/1.1" 304 - "http://localhost:3000/" "Mozilla/5.0 (Windows NT 10.0; Win64; x64) AppleWebKit/537.36 (KHTML, like Gecko) Chrome/69.0.3497.100 Safari/537.36"
::ffff:127.0.0.1 - - [10/Nov/2018:01:22:59 +0000] "PATCH /api/user/5be4de7358f0ca2cc0fdae27 HTTP/1.1" - - "-" "Apache-HttpClient/4.1.1 (java 1.5)"
::1 - - [10/Nov/2018:01:24:23 +0000] "GET /api/user HTTP/1.1" 200 534 "http://localhost:3000/" "Mozilla/5.0 (Windows NT 10.0; Win64; x64) AppleWebKit/537.36 (KHTML, like Gecko) Chrome/69.0.3497.100 Safari/537.36"
::1 - - [10/Nov/2018:01:24:26 +0000] "GET /api/user HTTP/1.1" 304 - "http://localhost:3000/" "Mozilla/5.0 (Windows NT 10.0; Win64; x64) AppleWebKit/537.36 (KHTML, like Gecko) Chrome/69.0.3497.100 Safari/537.36"
::1 - - [10/Nov/2018:01:24:26 +0000] "GET /api/user/5be6328df1998b3a48f4a3c9 HTTP/1.1" 200 279 "http://localhost:3000/" "Mozilla/5.0 (Windows NT 10.0; Win64; x64) AppleWebKit/537.36 (KHTML, like Gecko) Chrome/69.0.3497.100 Safari/537.36"
::1 - - [10/Nov/2018:01:24:27 +0000] "GET /api/user HTTP/1.1" 304 - "http://localhost:3000/" "Mozilla/5.0 (Windows NT 10.0; Win64; x64) AppleWebKit/537.36 (KHTML, like Gecko) Chrome/69.0.3497.100 Safari/537.36"
::ffff:127.0.0.1 - - [10/Nov/2018:01:38:30 +0000] "PATCH /api/user/5be6352f974d7f52243ad290 HTTP/1.1" - - "-" "Apache-HttpClient/4.1.1 (java 1.5)"
::ffff:127.0.0.1 - - [10/Nov/2018:01:40:35 +0000] "PATCH /api/user/5be6352f974d7f52243ad290 HTTP/1.1" - - "-" "Apache-HttpClient/4.1.1 (java 1.5)"
::ffff:127.0.0.1 - - [10/Nov/2018:01:40:36 +0000] "GET /api/user/5be6352f974d7f52243ad290 HTTP/1.1" 200 4 "-" "Apache-HttpClient/4.1.1 (java 1.5)"
::ffff:127.0.0.1 - - [10/Nov/2018:01:41:08 +0000] "GET /api/user/5be4de7358f0ca2cc0fdae27 HTTP/1.1" 200 252 "-" "Apache-HttpClient/4.1.1 (java 1.5)"
::ffff:127.0.0.1 - - [10/Nov/2018:01:41:27 +0000] "GET /api/user/5be6361aa09c9c4ae80af73b HTTP/1.1" 200 325 "-" "Apache-HttpClient/4.1.1 (java 1.5)"
::ffff:127.0.0.1 - - [10/Nov/2018:01:48:39 +0000] "PATCH /api/user/5be6361aa09c9c4ae80af73b HTTP/1.1" 500 1917 "-" "Apache-HttpClient/4.1.1 (java 1.5)"
::ffff:127.0.0.1 - - [10/Nov/2018:01:51:02 +0000] "PATCH /api/user/5be6361aa09c9c4ae80af73b HTTP/1.1" 500 1917 "-" "Apache-HttpClient/4.1.1 (java 1.5)"
::ffff:127.0.0.1 - - [10/Nov/2018:01:51:23 +0000] "PATCH /api/user/5be6361aa09c9c4ae80af73b HTTP/1.1" 500 1917 "-" "Apache-HttpClient/4.1.1 (java 1.5)"
::1 - - [10/Nov/2018:02:16:53 +0000] "POST /api/session/register HTTP/1.1" 200 195 "http://localhost:3000/" "Mozilla/5.0 (Windows NT 10.0; Win64; x64) AppleWebKit/537.36 (KHTML, like Gecko) Chrome/69.0.3497.100 Safari/537.36"
::1 - - [10/Nov/2018:02:17:04 +0000] "POST /api/session/login HTTP/1.1" 200 195 "http://localhost:3000/" "Mozilla/5.0 (Windows NT 10.0; Win64; x64) AppleWebKit/537.36 (KHTML, like Gecko) Chrome/69.0.3497.100 Safari/537.36"
::1 - - [10/Nov/2018:02:17:04 +0000] "GET /api/user HTTP/1.1" 200 584 "http://localhost:3000/" "Mozilla/5.0 (Windows NT 10.0; Win64; x64) AppleWebKit/537.36 (KHTML, like Gecko) Chrome/69.0.3497.100 Safari/537.36"
::1 - - [10/Nov/2018:02:24:57 +0000] "GET /api/user HTTP/1.1" 304 - "http://localhost:3000/" "Mozilla/5.0 (Windows NT 10.0; Win64; x64) AppleWebKit/537.36 (KHTML, like Gecko) Chrome/69.0.3497.100 Safari/537.36"
::1 - - [10/Nov/2018:02:25:47 +0000] "GET /api/user HTTP/1.1" 304 - "http://localhost:3000/" "Mozilla/5.0 (Windows NT 10.0; Win64; x64) AppleWebKit/537.36 (KHTML, like Gecko) Chrome/69.0.3497.100 Safari/537.36"
::1 - - [10/Nov/2018:02:28:06 +0000] "GET /api/user HTTP/1.1" 304 - "http://localhost:3000/" "Mozilla/5.0 (Windows NT 10.0; Win64; x64) AppleWebKit/537.36 (KHTML, like Gecko) Chrome/69.0.3497.100 Safari/537.36"
::1 - - [10/Nov/2018:02:28:11 +0000] "GET /api/user/null HTTP/1.1" 500 1917 "http://localhost:3000/" "Mozilla/5.0 (Windows NT 10.0; Win64; x64) AppleWebKit/537.36 (KHTML, like Gecko) Chrome/69.0.3497.100 Safari/537.36"
::1 - - [10/Nov/2018:02:28:11 +0000] "GET /api/user HTTP/1.1" 304 - "http://localhost:3000/" "Mozilla/5.0 (Windows NT 10.0; Win64; x64) AppleWebKit/537.36 (KHTML, like Gecko) Chrome/69.0.3497.100 Safari/537.36"
::1 - - [10/Nov/2018:02:28:14 +0000] "GET /api/user HTTP/1.1" 304 - "http://localhost:3000/" "Mozilla/5.0 (Windows NT 10.0; Win64; x64) AppleWebKit/537.36 (KHTML, like Gecko) Chrome/69.0.3497.100 Safari/537.36"
::1 - - [10/Nov/2018:02:28:15 +0000] "GET /api/user HTTP/1.1" 304 - "http://localhost:3000/" "Mozilla/5.0 (Windows NT 10.0; Win64; x64) AppleWebKit/537.36 (KHTML, like Gecko) Chrome/69.0.3497.100 Safari/537.36"
::1 - - [10/Nov/2018:02:28:15 +0000] "GET /api/user/5be63cc018b6845ac8ebc9f5 HTTP/1.1" 200 262 "http://localhost:3000/" "Mozilla/5.0 (Windows NT 10.0; Win64; x64) AppleWebKit/537.36 (KHTML, like Gecko) Chrome/69.0.3497.100 Safari/537.36"
::1 - - [10/Nov/2018:02:28:17 +0000] "GET /api/user HTTP/1.1" 304 - "http://localhost:3000/" "Mozilla/5.0 (Windows NT 10.0; Win64; x64) AppleWebKit/537.36 (KHTML, like Gecko) Chrome/69.0.3497.100 Safari/537.36"
::1 - - [10/Nov/2018:02:28:18 +0000] "GET /api/user HTTP/1.1" 304 - "http://localhost:3000/" "Mozilla/5.0 (Windows NT 10.0; Win64; x64) AppleWebKit/537.36 (KHTML, like Gecko) Chrome/69.0.3497.100 Safari/537.36"
::1 - - [10/Nov/2018:02:28:18 +0000] "GET /api/user/5be63cc018b6845ac8ebc9f5 HTTP/1.1" 304 - "http://localhost:3000/" "Mozilla/5.0 (Windows NT 10.0; Win64; x64) AppleWebKit/537.36 (KHTML, like Gecko) Chrome/69.0.3497.100 Safari/537.36"
::1 - - [10/Nov/2018:02:28:19 +0000] "GET /api/user HTTP/1.1" 304 - "http://localhost:3000/" "Mozilla/5.0 (Windows NT 10.0; Win64; x64) AppleWebKit/537.36 (KHTML, like Gecko) Chrome/69.0.3497.100 Safari/537.36"
::1 - - [10/Nov/2018:02:28:37 +0000] "POST /api/session/login HTTP/1.1" 404 13 "http://localhost:3000/" "Mozilla/5.0 (Windows NT 10.0; Win64; x64) AppleWebKit/537.36 (KHTML, like Gecko) Chrome/69.0.3497.100 Safari/537.36"
::1 - - [10/Nov/2018:02:28:38 +0000] "POST /api/session/login HTTP/1.1" 404 13 "http://localhost:3000/" "Mozilla/5.0 (Windows NT 10.0; Win64; x64) AppleWebKit/537.36 (KHTML, like Gecko) Chrome/69.0.3497.100 Safari/537.36"
::1 - - [10/Nov/2018:02:28:39 +0000] "POST /api/session/login HTTP/1.1" 404 13 "http://localhost:3000/" "Mozilla/5.0 (Windows NT 10.0; Win64; x64) AppleWebKit/537.36 (KHTML, like Gecko) Chrome/69.0.3497.100 Safari/537.36"
::1 - - [10/Nov/2018:02:28:39 +0000] "POST /api/session/login HTTP/1.1" 404 13 "http://localhost:3000/" "Mozilla/5.0 (Windows NT 10.0; Win64; x64) AppleWebKit/537.36 (KHTML, like Gecko) Chrome/69.0.3497.100 Safari/537.36"
::1 - - [10/Nov/2018:02:28:57 +0000] "POST /api/session/login HTTP/1.1" 404 13 "http://localhost:3000/" "Mozilla/5.0 (Windows NT 10.0; Win64; x64) AppleWebKit/537.36 (KHTML, like Gecko) Chrome/69.0.3497.100 Safari/537.36"
::ffff:127.0.0.1 - - [10/Nov/2018:02:29:45 +0000] "POST /api/session/register HTTP/1.1" 500 41 "-" "Apache-HttpClient/4.1.1 (java 1.5)"
::ffff:127.0.0.1 - - [10/Nov/2018:02:30:31 +0000] "POST /api/session/register HTTP/1.1" 200 195 "-" "Apache-HttpClient/4.1.1 (java 1.5)"
::1 - - [10/Nov/2018:02:30:47 +0000] "POST /api/session/login HTTP/1.1" 200 195 "http://localhost:3000/" "Mozilla/5.0 (Windows NT 10.0; Win64; x64) AppleWebKit/537.36 (KHTML, like Gecko) Chrome/69.0.3497.100 Safari/537.36"
::1 - - [10/Nov/2018:02:30:47 +0000] "GET /api/user HTTP/1.1" 200 931 "http://localhost:3000/" "Mozilla/5.0 (Windows NT 10.0; Win64; x64) AppleWebKit/537.36 (KHTML, like Gecko) Chrome/69.0.3497.100 Safari/537.36"
::ffff:127.0.0.1 - - [10/Nov/2018:02:31:10 +0000] "POST /api/session/register HTTP/1.1" 200 195 "-" "Apache-HttpClient/4.1.1 (java 1.5)"
::1 - - [10/Nov/2018:02:31:15 +0000] "GET /api/user HTTP/1.1" 200 1283 "http://localhost:3000/" "Mozilla/5.0 (Windows NT 10.0; Win64; x64) AppleWebKit/537.36 (KHTML, like Gecko) Chrome/69.0.3497.100 Safari/537.36"
::ffff:127.0.0.1 - - [10/Nov/2018:02:32:18 +0000] "PATCH /api/user/5be642ee03820a5b94cec67f HTTP/1.1" 500 1917 "-" "Apache-HttpClient/4.1.1 (java 1.5)"
::ffff:127.0.0.1 - - [10/Nov/2018:02:34:28 +0000] "PATCH /api/user/5be642ee03820a5b94cec67f HTTP/1.1" 500 1917 "-" "Apache-HttpClient/4.1.1 (java 1.5)"
::ffff:127.0.0.1 - - [10/Nov/2018:02:36:54 +0000] "PATCH /api/user/5be642ee03820a5b94cec67f HTTP/1.1" 500 1917 "-" "Apache-HttpClient/4.1.1 (java 1.5)"
::1 - - [10/Nov/2018:02:48:18 +0000] "GET /api/user HTTP/1.1" 304 - "http://localhost:3000/" "Mozilla/5.0 (Windows NT 10.0; Win64; x64) AppleWebKit/537.36 (KHTML, like Gecko) Chrome/69.0.3497.100 Safari/537.36"
::1 - - [10/Nov/2018:02:54:24 +0000] "GET /api/user HTTP/1.1" 304 - "http://localhost:3000/" "Mozilla/5.0 (Windows NT 10.0; Win64; x64) AppleWebKit/537.36 (KHTML, like Gecko) Chrome/69.0.3497.100 Safari/537.36"
::1 - - [10/Nov/2018:02:54:24 +0000] "GET /api/user/5be63cc018b6845ac8ebc9f5 HTTP/1.1" 304 - "http://localhost:3000/" "Mozilla/5.0 (Windows NT 10.0; Win64; x64) AppleWebKit/537.36 (KHTML, like Gecko) Chrome/69.0.3497.100 Safari/537.36"
::1 - - [10/Nov/2018:02:54:26 +0000] "GET /api/user HTTP/1.1" 304 - "http://localhost:3000/" "Mozilla/5.0 (Windows NT 10.0; Win64; x64) AppleWebKit/537.36 (KHTML, like Gecko) Chrome/69.0.3497.100 Safari/537.36"
::1 - - [10/Nov/2018:02:54:29 +0000] "GET /api/user/5be642ee03820a5b94cec67f HTTP/1.1" 200 351 "http://localhost:3000/" "Mozilla/5.0 (Windows NT 10.0; Win64; x64) AppleWebKit/537.36 (KHTML, like Gecko) Chrome/69.0.3497.100 Safari/537.36"
::1 - - [10/Nov/2018:02:54:29 +0000] "GET /api/user HTTP/1.1" 304 - "http://localhost:3000/" "Mozilla/5.0 (Windows NT 10.0; Win64; x64) AppleWebKit/537.36 (KHTML, like Gecko) Chrome/69.0.3497.100 Safari/537.36"
::1 - - [10/Nov/2018:02:54:34 +0000] "GET /api/user HTTP/1.1" 304 - "http://localhost:3000/" "Mozilla/5.0 (Windows NT 10.0; Win64; x64) AppleWebKit/537.36 (KHTML, like Gecko) Chrome/69.0.3497.100 Safari/537.36"
::1 - - [10/Nov/2018:02:54:35 +0000] "GET /api/user HTTP/1.1" 304 - "http://localhost:3000/" "Mozilla/5.0 (Windows NT 10.0; Win64; x64) AppleWebKit/537.36 (KHTML, like Gecko) Chrome/69.0.3497.100 Safari/537.36"
::1 - - [10/Nov/2018:02:54:35 +0000] "GET /api/user/5be642c703820a5b94cec67e HTTP/1.1" 200 346 "http://localhost:3000/" "Mozilla/5.0 (Windows NT 10.0; Win64; x64) AppleWebKit/537.36 (KHTML, like Gecko) Chrome/69.0.3497.100 Safari/537.36"
::1 - - [10/Nov/2018:02:54:52 +0000] "GET /api/user HTTP/1.1" 304 - "http://localhost:3000/" "Mozilla/5.0 (Windows NT 10.0; Win64; x64) AppleWebKit/537.36 (KHTML, like Gecko) Chrome/69.0.3497.100 Safari/537.36"
::ffff:127.0.0.1 - - [10/Nov/2018:02:55:06 +0000] "PATCH /api/user/5be642c703820a5b94cec67e HTTP/1.1" 500 1917 "-" "Apache-HttpClient/4.1.1 (java 1.5)"
::ffff:127.0.0.1 - - [10/Nov/2018:03:00:30 +0000] "PATCH /api/user/5be642c703820a5b94cec67e HTTP/1.1" 500 1917 "-" "Apache-HttpClient/4.1.1 (java 1.5)"
::ffff:127.0.0.1 - - [10/Nov/2018:03:13:39 +0000] "PATCH /api/user/5be642c703820a5b94cec67e HTTP/1.1" 500 1917 "-" "Apache-HttpClient/4.1.1 (java 1.5)"
::ffff:127.0.0.1 - - [10/Nov/2018:03:20:10 +0000] "PATCH /api/user/5be642c703820a5b94cec67e HTTP/1.1" 500 1917 "-" "Apache-HttpClient/4.1.1 (java 1.5)"
::ffff:127.0.0.1 - - [10/Nov/2018:03:21:44 +0000] "PATCH /api/user/5be642c703820a5b94cec67e HTTP/1.1" 500 1917 "-" "Apache-HttpClient/4.1.1 (java 1.5)"
::ffff:127.0.0.1 - - [10/Nov/2018:03:24:06 +0000] "PATCH /api/user/5be642c703820a5b94cec67e HTTP/1.1" - - "-" "Apache-HttpClient/4.1.1 (java 1.5)"
::ffff:127.0.0.1 - - [10/Nov/2018:03:27:24 +0000] "PATCH /api/user/5be642c703820a5b94cec67e HTTP/1.1" - - "-" "Apache-HttpClient/4.1.1 (java 1.5)"
::ffff:127.0.0.1 - - [10/Nov/2018:03:27:41 +0000] "PATCH /api/user/5be642c703820a5b94cec67e HTTP/1.1" - - "-" "Apache-HttpClient/4.1.1 (java 1.5)"
::1 - - [10/Nov/2018:03:38:25 +0000] "GET /api/user HTTP/1.1" 304 - "http://localhost:3000/" "Mozilla/5.0 (Windows NT 10.0; Win64; x64) AppleWebKit/537.36 (KHTML, like Gecko) Chrome/69.0.3497.100 Safari/537.36"
::1 - - [10/Nov/2018:03:41:19 +0000] "GET /api/user HTTP/1.1" 304 - "http://localhost:3000/" "Mozilla/5.0 (Windows NT 10.0; Win64; x64) AppleWebKit/537.36 (KHTML, like Gecko) Chrome/69.0.3497.100 Safari/537.36"
::1 - - [10/Nov/2018:03:46:14 +0000] "GET /update-password HTTP/1.1" 404 9 "-" "Mozilla/5.0 (Windows NT 10.0; Win64; x64) AppleWebKit/537.36 (KHTML, like Gecko) Chrome/69.0.3497.100 Safari/537.36"
::1 - - [10/Nov/2018:03:48:35 +0000] "GET /api/user HTTP/1.1" 304 - "http://localhost:3000/" "Mozilla/5.0 (Windows NT 10.0; Win64; x64) AppleWebKit/537.36 (KHTML, like Gecko) Chrome/69.0.3497.100 Safari/537.36"
::1 - - [10/Nov/2018:03:48:38 +0000] "GET /api/user HTTP/1.1" 304 - "http://localhost:3000/" "Mozilla/5.0 (Windows NT 10.0; Win64; x64) AppleWebKit/537.36 (KHTML, like Gecko) Chrome/69.0.3497.100 Safari/537.36"
::1 - - [10/Nov/2018:03:48:39 +0000] "GET /api/user HTTP/1.1" 304 - "http://localhost:3000/" "Mozilla/5.0 (Windows NT 10.0; Win64; x64) AppleWebKit/537.36 (KHTML, like Gecko) Chrome/69.0.3497.100 Safari/537.36"
::1 - - [10/Nov/2018:03:49:17 +0000] "GET /api/user HTTP/1.1" 304 - "http://localhost:3000/" "Mozilla/5.0 (Windows NT 10.0; Win64; x64) AppleWebKit/537.36 (KHTML, like Gecko) Chrome/69.0.3497.100 Safari/537.36"
::1 - - [10/Nov/2018:03:49:21 +0000] "GET /api/user HTTP/1.1" 304 - "http://localhost:3000/" "Mozilla/5.0 (Windows NT 10.0; Win64; x64) AppleWebKit/537.36 (KHTML, like Gecko) Chrome/69.0.3497.100 Safari/537.36"
::1 - - [10/Nov/2018:03:49:22 +0000] "GET /api/user HTTP/1.1" 304 - "http://localhost:3000/" "Mozilla/5.0 (Windows NT 10.0; Win64; x64) AppleWebKit/537.36 (KHTML, like Gecko) Chrome/69.0.3497.100 Safari/537.36"
::1 - - [10/Nov/2018:03:53:03 +0000] "GET /api/user HTTP/1.1" 304 - "http://localhost:3000/" "Mozilla/5.0 (Windows NT 10.0; Win64; x64) AppleWebKit/537.36 (KHTML, like Gecko) Chrome/69.0.3497.100 Safari/537.36"
::1 - - [10/Nov/2018:03:53:36 +0000] "GET /api/user HTTP/1.1" 304 - "http://localhost:3000/" "Mozilla/5.0 (Windows NT 10.0; Win64; x64) AppleWebKit/537.36 (KHTML, like Gecko) Chrome/69.0.3497.100 Safari/537.36"
::1 - - [10/Nov/2018:03:53:36 +0000] "GET /api/user/5be269c90eb7a822707b58d3 HTTP/1.1" 200 4 "http://localhost:3000/" "Mozilla/5.0 (Windows NT 10.0; Win64; x64) AppleWebKit/537.36 (KHTML, like Gecko) Chrome/69.0.3497.100 Safari/537.36"
::1 - - [10/Nov/2018:03:53:44 +0000] "POST /api/session/login HTTP/1.1" 200 195 "http://localhost:3000/" "Mozilla/5.0 (Windows NT 10.0; Win64; x64) AppleWebKit/537.36 (KHTML, like Gecko) Chrome/69.0.3497.100 Safari/537.36"
::1 - - [10/Nov/2018:03:53:44 +0000] "GET /api/user HTTP/1.1" 304 - "http://localhost:3000/" "Mozilla/5.0 (Windows NT 10.0; Win64; x64) AppleWebKit/537.36 (KHTML, like Gecko) Chrome/69.0.3497.100 Safari/537.36"
::1 - - [10/Nov/2018:03:53:47 +0000] "GET /api/user HTTP/1.1" 304 - "http://localhost:3000/" "Mozilla/5.0 (Windows NT 10.0; Win64; x64) AppleWebKit/537.36 (KHTML, like Gecko) Chrome/69.0.3497.100 Safari/537.36"
::1 - - [10/Nov/2018:03:53:47 +0000] "GET /api/user/5be63cc018b6845ac8ebc9f5 HTTP/1.1" 304 - "http://localhost:3000/" "Mozilla/5.0 (Windows NT 10.0; Win64; x64) AppleWebKit/537.36 (KHTML, like Gecko) Chrome/69.0.3497.100 Safari/537.36"
::1 - - [10/Nov/2018:03:53:49 +0000] "GET /api/user HTTP/1.1" 304 - "http://localhost:3000/" "Mozilla/5.0 (Windows NT 10.0; Win64; x64) AppleWebKit/537.36 (KHTML, like Gecko) Chrome/69.0.3497.100 Safari/537.36"
::1 - - [10/Nov/2018:03:53:50 +0000] "GET /api/user/5be63cc018b6845ac8ebc9f5 HTTP/1.1" 304 - "http://localhost:3000/" "Mozilla/5.0 (Windows NT 10.0; Win64; x64) AppleWebKit/537.36 (KHTML, like Gecko) Chrome/69.0.3497.100 Safari/537.36"
::1 - - [10/Nov/2018:03:53:50 +0000] "GET /api/user HTTP/1.1" 304 - "http://localhost:3000/" "Mozilla/5.0 (Windows NT 10.0; Win64; x64) AppleWebKit/537.36 (KHTML, like Gecko) Chrome/69.0.3497.100 Safari/537.36"
::1 - - [10/Nov/2018:03:53:53 +0000] "GET /api/user HTTP/1.1" 304 - "http://localhost:3000/" "Mozilla/5.0 (Windows NT 10.0; Win64; x64) AppleWebKit/537.36 (KHTML, like Gecko) Chrome/69.0.3497.100 Safari/537.36"
::1 - - [10/Nov/2018:03:54:23 +0000] "GET /api/user HTTP/1.1" 304 - "http://localhost:3000/" "Mozilla/5.0 (Windows NT 10.0; Win64; x64) AppleWebKit/537.36 (KHTML, like Gecko) Chrome/69.0.3497.100 Safari/537.36"
::1 - - [10/Nov/2018:03:55:03 +0000] "GET /api/update-password HTTP/1.1" 404 9 "-" "Mozilla/5.0 (Windows NT 10.0; Win64; x64) AppleWebKit/537.36 (KHTML, like Gecko) Chrome/69.0.3497.100 Safari/537.36"
::1 - - [10/Nov/2018:03:55:08 +0000] "GET /api/update- HTTP/1.1" 404 9 "-" "Mozilla/5.0 (Windows NT 10.0; Win64; x64) AppleWebKit/537.36 (KHTML, like Gecko) Chrome/69.0.3497.100 Safari/537.36"
::1 - - [10/Nov/2018:03:56:30 +0000] "GET /api/update-password HTTP/1.1" 200 1283 "-" "Mozilla/5.0 (Windows NT 10.0; Win64; x64) AppleWebKit/537.36 (KHTML, like Gecko) Chrome/69.0.3497.100 Safari/537.36"
::1 - - [10/Nov/2018:03:58:55 +0000] "POST /api/session/login HTTP/1.1" 200 195 "http://localhost:3000/" "Mozilla/5.0 (Windows NT 10.0; Win64; x64) AppleWebKit/537.36 (KHTML, like Gecko) Chrome/69.0.3497.100 Safari/537.36"
::1 - - [10/Nov/2018:03:58:55 +0000] "GET /api/user HTTP/1.1" 304 - "http://localhost:3000/" "Mozilla/5.0 (Windows NT 10.0; Win64; x64) AppleWebKit/537.36 (KHTML, like Gecko) Chrome/69.0.3497.100 Safari/537.36"
::1 - - [10/Nov/2018:03:58:57 +0000] "GET /api/user HTTP/1.1" 304 - "http://localhost:3000/" "Mozilla/5.0 (Windows NT 10.0; Win64; x64) AppleWebKit/537.36 (KHTML, like Gecko) Chrome/69.0.3497.100 Safari/537.36"
::1 - - [10/Nov/2018:03:59:01 +0000] "GET /api/user HTTP/1.1" 304 - "http://localhost:3000/" "Mozilla/5.0 (Windows NT 10.0; Win64; x64) AppleWebKit/537.36 (KHTML, like Gecko) Chrome/69.0.3497.100 Safari/537.36"
::1 - - [10/Nov/2018:03:59:02 +0000] "GET /api/user HTTP/1.1" 304 - "http://localhost:3000/" "Mozilla/5.0 (Windows NT 10.0; Win64; x64) AppleWebKit/537.36 (KHTML, like Gecko) Chrome/69.0.3497.100 Safari/537.36"
::1 - - [10/Nov/2018:03:59:05 +0000] "GET /api/user/null HTTP/1.1" 500 1917 "http://localhost:3000/" "Mozilla/5.0 (Windows NT 10.0; Win64; x64) AppleWebKit/537.36 (KHTML, like Gecko) Chrome/69.0.3497.100 Safari/537.36"
::1 - - [10/Nov/2018:03:59:05 +0000] "GET /api/user HTTP/1.1" 304 - "http://localhost:3000/" "Mozilla/5.0 (Windows NT 10.0; Win64; x64) AppleWebKit/537.36 (KHTML, like Gecko) Chrome/69.0.3497.100 Safari/537.36"
::1 - - [10/Nov/2018:03:59:06 +0000] "GET /api/user HTTP/1.1" 304 - "http://localhost:3000/" "Mozilla/5.0 (Windows NT 10.0; Win64; x64) AppleWebKit/537.36 (KHTML, like Gecko) Chrome/69.0.3497.100 Safari/537.36"
::1 - - [10/Nov/2018:03:59:08 +0000] "GET /api/user HTTP/1.1" 304 - "http://localhost:3000/" "Mozilla/5.0 (Windows NT 10.0; Win64; x64) AppleWebKit/537.36 (KHTML, like Gecko) Chrome/69.0.3497.100 Safari/537.36"
::1 - - [10/Nov/2018:03:59:13 +0000] "GET /api/user HTTP/1.1" 304 - "http://localhost:3000/" "Mozilla/5.0 (Windows NT 10.0; Win64; x64) AppleWebKit/537.36 (KHTML, like Gecko) Chrome/69.0.3497.100 Safari/537.36"
::1 - - [10/Nov/2018:04:01:49 +0000] "PUT /api/update-password HTTP/1.1" 404 9 "http://localhost:3000/" "Mozilla/5.0 (Windows NT 10.0; Win64; x64) AppleWebKit/537.36 (KHTML, like Gecko) Chrome/69.0.3497.100 Safari/537.36"
::1 - - [10/Nov/2018:04:02:20 +0000] "GET /api/update-password HTTP/1.1" 304 - "-" "Mozilla/5.0 (Windows NT 10.0; Win64; x64) AppleWebKit/537.36 (KHTML, like Gecko) Chrome/69.0.3497.100 Safari/537.36"
::1 - - [10/Nov/2018:13:51:16 +0000] "PUT /api/update-password HTTP/1.1" 404 9 "http://localhost:3000/" "Mozilla/5.0 (Windows NT 10.0; Win64; x64) AppleWebKit/537.36 (KHTML, like Gecko) Chrome/69.0.3497.100 Safari/537.36"
::1 - - [10/Nov/2018:13:51:18 +0000] "GET /api/user HTTP/1.1" 304 - "http://localhost:3000/" "Mozilla/5.0 (Windows NT 10.0; Win64; x64) AppleWebKit/537.36 (KHTML, like Gecko) Chrome/69.0.3497.100 Safari/537.36"
::1 - - [10/Nov/2018:13:51:23 +0000] "GET /api/user HTTP/1.1" 304 - "http://localhost:3000/" "Mozilla/5.0 (Windows NT 10.0; Win64; x64) AppleWebKit/537.36 (KHTML, like Gecko) Chrome/69.0.3497.100 Safari/537.36"
::1 - - [10/Nov/2018:13:51:23 +0000] "GET /api/user/5be642c703820a5b94cec67e HTTP/1.1" 304 - "http://localhost:3000/" "Mozilla/5.0 (Windows NT 10.0; Win64; x64) AppleWebKit/537.36 (KHTML, like Gecko) Chrome/69.0.3497.100 Safari/537.36"
::ffff:127.0.0.1 - - [10/Nov/2018:13:52:01 +0000] "PUT /api/user/5be642c703820a5b94cec67e HTTP/1.1" 200 285 "-" "Apache-HttpClient/4.1.1 (java 1.5)"
::1 - - [10/Nov/2018:13:52:30 +0000] "GET /api/user HTTP/1.1" 200 1199 "http://localhost:3000/" "Mozilla/5.0 (Windows NT 10.0; Win64; x64) AppleWebKit/537.36 (KHTML, like Gecko) Chrome/69.0.3497.100 Safari/537.36"
::1 - - [10/Nov/2018:13:52:30 +0000] "GET /api/user/5be642c703820a5b94cec67e HTTP/1.1" 200 262 "http://localhost:3000/" "Mozilla/5.0 (Windows NT 10.0; Win64; x64) AppleWebKit/537.36 (KHTML, like Gecko) Chrome/69.0.3497.100 Safari/537.36"
::1 - - [10/Nov/2018:13:52:32 +0000] "GET /api/user HTTP/1.1" 304 - "http://localhost:3000/" "Mozilla/5.0 (Windows NT 10.0; Win64; x64) AppleWebKit/537.36 (KHTML, like Gecko) Chrome/69.0.3497.100 Safari/537.36"
::1 - - [10/Nov/2018:13:52:37 +0000] "GET /api/user HTTP/1.1" 304 - "http://localhost:3000/" "Mozilla/5.0 (Windows NT 10.0; Win64; x64) AppleWebKit/537.36 (KHTML, like Gecko) Chrome/69.0.3497.100 Safari/537.36"
::1 - - [10/Nov/2018:13:52:37 +0000] "GET /api/user/5be642c703820a5b94cec67e HTTP/1.1" 304 - "http://localhost:3000/" "Mozilla/5.0 (Windows NT 10.0; Win64; x64) AppleWebKit/537.36 (KHTML, like Gecko) Chrome/69.0.3497.100 Safari/537.36"
::1 - - [10/Nov/2018:13:52:38 +0000] "GET /api/user HTTP/1.1" 304 - "http://localhost:3000/" "Mozilla/5.0 (Windows NT 10.0; Win64; x64) AppleWebKit/537.36 (KHTML, like Gecko) Chrome/69.0.3497.100 Safari/537.36"
::ffff:127.0.0.1 - - [10/Nov/2018:13:52:47 +0000] "PUT /api/user/5be642c703820a5b94cec67e HTTP/1.1" 200 161 "-" "Apache-HttpClient/4.1.1 (java 1.5)"
::1 - - [10/Nov/2018:13:53:19 +0000] "GET /api/user HTTP/1.1" 304 - "http://localhost:3000/" "Mozilla/5.0 (Windows NT 10.0; Win64; x64) AppleWebKit/537.36 (KHTML, like Gecko) Chrome/69.0.3497.100 Safari/537.36"
::1 - - [10/Nov/2018:13:53:24 +0000] "DELETE /api/user/5be642c703820a5b94cec67e HTTP/1.1" 200 271 "http://localhost:3000/" "Mozilla/5.0 (Windows NT 10.0; Win64; x64) AppleWebKit/537.36 (KHTML, like Gecko) Chrome/69.0.3497.100 Safari/537.36"
::1 - - [10/Nov/2018:13:53:30 +0000] "DELETE /api/user/5be642ee03820a5b94cec67f HTTP/1.1" 200 271 "http://localhost:3000/" "Mozilla/5.0 (Windows NT 10.0; Win64; x64) AppleWebKit/537.36 (KHTML, like Gecko) Chrome/69.0.3497.100 Safari/537.36"
::1 - - [10/Nov/2018:13:53:32 +0000] "GET /api/user HTTP/1.1" 200 584 "http://localhost:3000/" "Mozilla/5.0 (Windows NT 10.0; Win64; x64) AppleWebKit/537.36 (KHTML, like Gecko) Chrome/69.0.3497.100 Safari/537.36"
::ffff:127.0.0.1 - - [10/Nov/2018:13:53:40 +0000] "POST /api/user/5be642c703820a5b94cec67e/api/session/register HTTP/1.1" 404 9 "-" "Apache-HttpClient/4.1.1 (java 1.5)"
::ffff:127.0.0.1 - - [10/Nov/2018:13:54:24 +0000] "POST /api/session/register HTTP/1.1" 200 195 "-" "Apache-HttpClient/4.1.1 (java 1.5)"
::1 - - [10/Nov/2018:13:55:31 +0000] "GET /api/user HTTP/1.1" 200 936 "http://localhost:3000/" "Mozilla/5.0 (Windows NT 10.0; Win64; x64) AppleWebKit/537.36 (KHTML, like Gecko) Chrome/69.0.3497.100 Safari/537.36"
::ffff:127.0.0.1 - - [10/Nov/2018:13:56:26 +0000] "PUT /api/user/5be6e30fa172bb1f0095d57f HTTP/1.1" 200 285 "-" "Apache-HttpClient/4.1.1 (java 1.5)"
::1 - - [10/Nov/2018:13:56:40 +0000] "GET /api/user HTTP/1.1" 200 875 "http://localhost:3000/" "Mozilla/5.0 (Windows NT 10.0; Win64; x64) AppleWebKit/537.36 (KHTML, like Gecko) Chrome/69.0.3497.100 Safari/537.36"
::1 - - [10/Nov/2018:13:56:43 +0000] "GET /api/user HTTP/1.1" 304 - "http://localhost:3000/" "Mozilla/5.0 (Windows NT 10.0; Win64; x64) AppleWebKit/537.36 (KHTML, like Gecko) Chrome/69.0.3497.100 Safari/537.36"
::1 - - [10/Nov/2018:13:56:43 +0000] "GET /api/user/5be6e30fa172bb1f0095d57f HTTP/1.1" 200 290 "http://localhost:3000/" "Mozilla/5.0 (Windows NT 10.0; Win64; x64) AppleWebKit/537.36 (KHTML, like Gecko) Chrome/69.0.3497.100 Safari/537.36"
::1 - - [10/Nov/2018:13:56:45 +0000] "GET /api/user HTTP/1.1" 304 - "http://localhost:3000/" "Mozilla/5.0 (Windows NT 10.0; Win64; x64) AppleWebKit/537.36 (KHTML, like Gecko) Chrome/69.0.3497.100 Safari/537.36"
::ffff:127.0.0.1 - - [10/Nov/2018:13:59:40 +0000] "PUT /api/user/5be6e30fa172bb1f0095d57f HTTP/1.1" 200 285 "-" "Apache-HttpClient/4.1.1 (java 1.5)"
::1 - - [10/Nov/2018:13:59:47 +0000] "GET /api/user HTTP/1.1" 200 867 "http://localhost:3000/" "Mozilla/5.0 (Windows NT 10.0; Win64; x64) AppleWebKit/537.36 (KHTML, like Gecko) Chrome/69.0.3497.100 Safari/537.36"
::1 - - [10/Nov/2018:14:00:01 +0000] "GET /api/user HTTP/1.1" 304 - "http://localhost:3000/" "Mozilla/5.0 (Windows NT 10.0; Win64; x64) AppleWebKit/537.36 (KHTML, like Gecko) Chrome/69.0.3497.100 Safari/537.36"
::1 - - [10/Nov/2018:14:00:01 +0000] "GET /api/user/5be6e30fa172bb1f0095d57f HTTP/1.1" 200 282 "http://localhost:3000/" "Mozilla/5.0 (Windows NT 10.0; Win64; x64) AppleWebKit/537.36 (KHTML, like Gecko) Chrome/69.0.3497.100 Safari/537.36"
::ffff:127.0.0.1 - - [10/Nov/2018:14:00:12 +0000] "PUT /api/user/5be6e30fa172bb1f0095d57f HTTP/1.1" 200 285 "-" "Apache-HttpClient/4.1.1 (java 1.5)"
::1 - - [10/Nov/2018:14:00:17 +0000] "GET /api/user HTTP/1.1" 304 - "http://localhost:3000/" "Mozilla/5.0 (Windows NT 10.0; Win64; x64) AppleWebKit/537.36 (KHTML, like Gecko) Chrome/69.0.3497.100 Safari/537.36"
::1 - - [10/Nov/2018:14:00:17 +0000] "GET /api/user/5be6e30fa172bb1f0095d57f HTTP/1.1" 304 - "http://localhost:3000/" "Mozilla/5.0 (Windows NT 10.0; Win64; x64) AppleWebKit/537.36 (KHTML, like Gecko) Chrome/69.0.3497.100 Safari/537.36"
::ffff:127.0.0.1 - - [10/Nov/2018:14:03:27 +0000] "PUT /api/user/5be6e30fa172bb1f0095d57f HTTP/1.1" 200 285 "-" "Apache-HttpClient/4.1.1 (java 1.5)"
::1 - - [10/Nov/2018:14:03:34 +0000] "GET /api/user HTTP/1.1" 200 860 "http://localhost:3000/" "Mozilla/5.0 (Windows NT 10.0; Win64; x64) AppleWebKit/537.36 (KHTML, like Gecko) Chrome/69.0.3497.100 Safari/537.36"
::1 - - [10/Nov/2018:14:03:36 +0000] "GET /api/user HTTP/1.1" 304 - "http://localhost:3000/" "Mozilla/5.0 (Windows NT 10.0; Win64; x64) AppleWebKit/537.36 (KHTML, like Gecko) Chrome/69.0.3497.100 Safari/537.36"
::1 - - [10/Nov/2018:14:03:40 +0000] "GET /api/user HTTP/1.1" 304 - "http://localhost:3000/" "Mozilla/5.0 (Windows NT 10.0; Win64; x64) AppleWebKit/537.36 (KHTML, like Gecko) Chrome/69.0.3497.100 Safari/537.36"
::1 - - [10/Nov/2018:14:03:40 +0000] "GET /api/user/5be6e30fa172bb1f0095d57f HTTP/1.1" 200 275 "http://localhost:3000/" "Mozilla/5.0 (Windows NT 10.0; Win64; x64) AppleWebKit/537.36 (KHTML, like Gecko) Chrome/69.0.3497.100 Safari/537.36"
::1 - - [10/Nov/2018:14:03:42 +0000] "GET /api/user HTTP/1.1" 304 - "http://localhost:3000/" "Mozilla/5.0 (Windows NT 10.0; Win64; x64) AppleWebKit/537.36 (KHTML, like Gecko) Chrome/69.0.3497.100 Safari/537.36"
::1 - - [10/Nov/2018:14:03:43 +0000] "GET /api/user HTTP/1.1" 304 - "http://localhost:3000/" "Mozilla/5.0 (Windows NT 10.0; Win64; x64) AppleWebKit/537.36 (KHTML, like Gecko) Chrome/69.0.3497.100 Safari/537.36"
::1 - - [10/Nov/2018:14:03:43 +0000] "GET /api/user/5be6e30fa172bb1f0095d57f HTTP/1.1" 304 - "http://localhost:3000/" "Mozilla/5.0 (Windows NT 10.0; Win64; x64) AppleWebKit/537.36 (KHTML, like Gecko) Chrome/69.0.3497.100 Safari/537.36"
::1 - - [10/Nov/2018:14:03:45 +0000] "GET /api/user HTTP/1.1" 304 - "http://localhost:3000/" "Mozilla/5.0 (Windows NT 10.0; Win64; x64) AppleWebKit/537.36 (KHTML, like Gecko) Chrome/69.0.3497.100 Safari/537.36"
::ffff:127.0.0.1 - - [10/Nov/2018:14:10:02 +0000] "GET /api/user/5be6e30fa172bb1f0095d57f HTTP/1.1" 200 275 "-" "Apache-HttpClient/4.1.1 (java 1.5)"
::ffff:127.0.0.1 - - [10/Nov/2018:14:10:27 +0000] "PUT /api/questionnaire/5be6e30fa172bb1f0095d57f HTTP/1.1" 200 285 "-" "Apache-HttpClient/4.1.1 (java 1.5)"
::ffff:127.0.0.1 - - [10/Nov/2018:14:10:45 +0000] "GET /api/user/5be6e30fa172bb1f0095d57f HTTP/1.1" 200 243 "-" "Apache-HttpClient/4.1.1 (java 1.5)"
::ffff:127.0.0.1 - - [10/Nov/2018:14:10:51 +0000] "PUT /api/user/5be6e30fa172bb1f0095d57f HTTP/1.1" 200 285 "-" "Apache-HttpClient/4.1.1 (java 1.5)"
::ffff:127.0.0.1 - - [10/Nov/2018:14:10:53 +0000] "GET /api/user/5be6e30fa172bb1f0095d57f HTTP/1.1" 200 275 "-" "Apache-HttpClient/4.1.1 (java 1.5)"
::ffff:127.0.0.1 - - [10/Nov/2018:14:11:05 +0000] "GET /api/user/5be6e30fa172bb1f0095d57f HTTP/1.1" 200 275 "-" "Apache-HttpClient/4.1.1 (java 1.5)"
::ffff:127.0.0.1 - - [10/Nov/2018:14:11:13 +0000] "PUT /api/questionnaire/5be6e30fa172bb1f0095d57f HTTP/1.1" 200 285 "-" "Apache-HttpClient/4.1.1 (java 1.5)"
::ffff:127.0.0.1 - - [10/Nov/2018:14:11:14 +0000] "GET /api/user/5be6e30fa172bb1f0095d57f HTTP/1.1" 200 243 "-" "Apache-HttpClient/4.1.1 (java 1.5)"
::ffff:127.0.0.1 - - [10/Nov/2018:14:11:16 +0000] "GET /api/user/5be6e30fa172bb1f0095d57f HTTP/1.1" 200 243 "-" "Apache-HttpClient/4.1.1 (java 1.5)"
::ffff:127.0.0.1 - - [10/Nov/2018:14:11:16 +0000] "GET /api/user/5be6e30fa172bb1f0095d57f HTTP/1.1" 200 243 "-" "Apache-HttpClient/4.1.1 (java 1.5)"
::ffff:127.0.0.1 - - [10/Nov/2018:14:11:21 +0000] "PUT /api/user/5be6e30fa172bb1f0095d57f HTTP/1.1" 200 285 "-" "Apache-HttpClient/4.1.1 (java 1.5)"
::ffff:127.0.0.1 - - [10/Nov/2018:14:11:22 +0000] "GET /api/user/5be6e30fa172bb1f0095d57f HTTP/1.1" 200 275 "-" "Apache-HttpClient/4.1.1 (java 1.5)"
::ffff:127.0.0.1 - - [10/Nov/2018:14:11:39 +0000] "PUT /api/questionnaire/5be6e30fa172bb1f0095d57f HTTP/1.1" 200 285 "-" "Apache-HttpClient/4.1.1 (java 1.5)"
::ffff:127.0.0.1 - - [10/Nov/2018:14:11:41 +0000] "GET /api/user/5be6e30fa172bb1f0095d57f HTTP/1.1" 200 243 "-" "Apache-HttpClient/4.1.1 (java 1.5)"
::ffff:127.0.0.1 - - [10/Nov/2018:14:11:43 +0000] "GET /api/user/5be6e30fa172bb1f0095d57f HTTP/1.1" 200 243 "-" "Apache-HttpClient/4.1.1 (java 1.5)"
::ffff:127.0.0.1 - - [10/Nov/2018:14:11:45 +0000] "PUT /api/user/5be6e30fa172bb1f0095d57f HTTP/1.1" 200 285 "-" "Apache-HttpClient/4.1.1 (java 1.5)"
::ffff:127.0.0.1 - - [10/Nov/2018:14:11:46 +0000] "GET /api/user/5be6e30fa172bb1f0095d57f HTTP/1.1" 200 275 "-" "Apache-HttpClient/4.1.1 (java 1.5)"
::ffff:127.0.0.1 - - [10/Nov/2018:14:13:34 +0000] "GET /api/user/5be6e30fa172bb1f0095d57f HTTP/1.1" 200 275 "-" "Apache-HttpClient/4.1.1 (java 1.5)"
::ffff:127.0.0.1 - - [10/Nov/2018:14:13:38 +0000] "PUT /api/questionnaire/5be6e30fa172bb1f0095d57f HTTP/1.1" 200 285 "-" "Apache-HttpClient/4.1.1 (java 1.5)"
::ffff:127.0.0.1 - - [10/Nov/2018:14:13:42 +0000] "GET /api/user/5be6e30fa172bb1f0095d57f HTTP/1.1" 200 243 "-" "Apache-HttpClient/4.1.1 (java 1.5)"
::ffff:127.0.0.1 - - [10/Nov/2018:14:13:49 +0000] "PUT /api/user/5be6e30fa172bb1f0095d57f HTTP/1.1" 200 285 "-" "Apache-HttpClient/4.1.1 (java 1.5)"
::ffff:127.0.0.1 - - [10/Nov/2018:14:13:51 +0000] "GET /api/user/5be6e30fa172bb1f0095d57f HTTP/1.1" 200 275 "-" "Apache-HttpClient/4.1.1 (java 1.5)"
::ffff:127.0.0.1 - - [10/Nov/2018:14:14:51 +0000] "GET /api/user/5be6e30fa172bb1f0095d57f HTTP/1.1" 200 275 "-" "Apache-HttpClient/4.1.1 (java 1.5)"
::ffff:127.0.0.1 - - [10/Nov/2018:14:14:57 +0000] "PUT /api/questionnaire/5be6e30fa172bb1f0095d57f HTTP/1.1" 200 285 "-" "Apache-HttpClient/4.1.1 (java 1.5)"
::ffff:127.0.0.1 - - [10/Nov/2018:14:15:02 +0000] "GET /api/user/5be6e30fa172bb1f0095d57f HTTP/1.1" 200 243 "-" "Apache-HttpClient/4.1.1 (java 1.5)"
::ffff:127.0.0.1 - - [10/Nov/2018:14:15:12 +0000] "PUT /api/user/5be6e30fa172bb1f0095d57f HTTP/1.1" 200 285 "-" "Apache-HttpClient/4.1.1 (java 1.5)"
::ffff:127.0.0.1 - - [10/Nov/2018:14:15:14 +0000] "GET /api/user/5be6e30fa172bb1f0095d57f HTTP/1.1" 200 275 "-" "Apache-HttpClient/4.1.1 (java 1.5)"
::ffff:127.0.0.1 - - [10/Nov/2018:14:16:32 +0000] "GET /api/user/5be6e30fa172bb1f0095d57f HTTP/1.1" 200 275 "-" "Apache-HttpClient/4.1.1 (java 1.5)"
::ffff:127.0.0.1 - - [10/Nov/2018:14:16:37 +0000] "PUT /api/user/5be6e30fa172bb1f0095d57f HTTP/1.1" 200 285 "-" "Apache-HttpClient/4.1.1 (java 1.5)"
::ffff:127.0.0.1 - - [10/Nov/2018:14:16:39 +0000] "GET /api/user/5be6e30fa172bb1f0095d57f HTTP/1.1" 200 243 "-" "Apache-HttpClient/4.1.1 (java 1.5)"
::ffff:127.0.0.1 - - [10/Nov/2018:14:16:45 +0000] "PUT /api/user/5be6e30fa172bb1f0095d57f HTTP/1.1" 200 285 "-" "Apache-HttpClient/4.1.1 (java 1.5)"
::ffff:127.0.0.1 - - [10/Nov/2018:14:16:46 +0000] "GET /api/user/5be6e30fa172bb1f0095d57f HTTP/1.1" 200 275 "-" "Apache-HttpClient/4.1.1 (java 1.5)"
::ffff:127.0.0.1 - - [10/Nov/2018:14:17:37 +0000] "GET /api/user/5be6e30fa172bb1f0095d57f HTTP/1.1" 200 275 "-" "Apache-HttpClient/4.1.1 (java 1.5)"
::ffff:127.0.0.1 - - [10/Nov/2018:14:17:44 +0000] "PUT /api/user/5be6e30fa172bb1f0095d57f HTTP/1.1" 200 285 "-" "Apache-HttpClient/4.1.1 (java 1.5)"
::ffff:127.0.0.1 - - [10/Nov/2018:14:17:46 +0000] "GET /api/user/5be6e30fa172bb1f0095d57f HTTP/1.1" 200 247 "-" "Apache-HttpClient/4.1.1 (java 1.5)"
::ffff:127.0.0.1 - - [10/Nov/2018:14:17:51 +0000] "PUT /api/user/5be6e30fa172bb1f0095d57f HTTP/1.1" 200 285 "-" "Apache-HttpClient/4.1.1 (java 1.5)"
::ffff:127.0.0.1 - - [10/Nov/2018:14:17:52 +0000] "GET /api/user/5be6e30fa172bb1f0095d57f HTTP/1.1" 200 279 "-" "Apache-HttpClient/4.1.1 (java 1.5)"
::ffff:127.0.0.1 - - [10/Nov/2018:14:19:04 +0000] "GET /api/user/5be6e30fa172bb1f0095d57f HTTP/1.1" 200 279 "-" "Apache-HttpClient/4.1.1 (java 1.5)"
::ffff:127.0.0.1 - - [10/Nov/2018:14:19:10 +0000] "PUT /api/user/5be6e30fa172bb1f0095d57f HTTP/1.1" 500 1917 "-" "Apache-HttpClient/4.1.1 (java 1.5)"
::ffff:127.0.0.1 - - [10/Nov/2018:14:19:55 +0000] "GET /api/user/5be6e30fa172bb1f0095d57f HTTP/1.1" 200 279 "-" "Apache-HttpClient/4.1.1 (java 1.5)"
::ffff:127.0.0.1 - - [10/Nov/2018:14:19:59 +0000] "PUT /api/user/5be6e30fa172bb1f0095d57f HTTP/1.1" 200 279 "-" "Apache-HttpClient/4.1.1 (java 1.5)"
::ffff:127.0.0.1 - - [10/Nov/2018:14:20:02 +0000] "GET /api/user/5be6e30fa172bb1f0095d57f HTTP/1.1" 200 247 "-" "Apache-HttpClient/4.1.1 (java 1.5)"
::ffff:127.0.0.1 - - [10/Nov/2018:14:20:08 +0000] "PUT /api/user/5be6e30fa172bb1f0095d57f HTTP/1.1" 200 247 "-" "Apache-HttpClient/4.1.1 (java 1.5)"
::ffff:127.0.0.1 - - [10/Nov/2018:14:20:10 +0000] "GET /api/user/5be6e30fa172bb1f0095d57f HTTP/1.1" 200 279 "-" "Apache-HttpClient/4.1.1 (java 1.5)"
::ffff:127.0.0.1 - - [10/Nov/2018:14:20:56 +0000] "GET /api/user/5be6e30fa172bb1f0095d57f HTTP/1.1" 200 279 "-" "Apache-HttpClient/4.1.1 (java 1.5)"
::ffff:127.0.0.1 - - [10/Nov/2018:14:21:02 +0000] "PUT /api/user/5be6e30fa172bb1f0095d57f HTTP/1.1" 200 279 "-" "Apache-HttpClient/4.1.1 (java 1.5)"
::ffff:127.0.0.1 - - [10/Nov/2018:14:21:04 +0000] "GET /api/user/5be6e30fa172bb1f0095d57f HTTP/1.1" 200 279 "-" "Apache-HttpClient/4.1.1 (java 1.5)"
::ffff:127.0.0.1 - - [10/Nov/2018:14:21:07 +0000] "PUT /api/user/5be6e30fa172bb1f0095d57f HTTP/1.1" 200 279 "-" "Apache-HttpClient/4.1.1 (java 1.5)"
::ffff:127.0.0.1 - - [10/Nov/2018:14:21:08 +0000] "GET /api/user/5be6e30fa172bb1f0095d57f HTTP/1.1" 200 279 "-" "Apache-HttpClient/4.1.1 (java 1.5)"
::1 - - [10/Nov/2018:14:22:38 +0000] "GET /api/user HTTP/1.1" 200 864 "http://localhost:3000/" "Mozilla/5.0 (Windows NT 10.0; Win64; x64) AppleWebKit/537.36 (KHTML, like Gecko) Chrome/69.0.3497.100 Safari/537.36"
::1 - - [10/Nov/2018:14:22:45 +0000] "GET /api/user HTTP/1.1" 304 - "http://localhost:3000/" "Mozilla/5.0 (Windows NT 10.0; Win64; x64) AppleWebKit/537.36 (KHTML, like Gecko) Chrome/69.0.3497.100 Safari/537.36"
::1 - - [10/Nov/2018:14:22:45 +0000] "GET /api/user/5be6e30fa172bb1f0095d57f HTTP/1.1" 200 279 "http://localhost:3000/" "Mozilla/5.0 (Windows NT 10.0; Win64; x64) AppleWebKit/537.36 (KHTML, like Gecko) Chrome/69.0.3497.100 Safari/537.36"
::1 - - [10/Nov/2018:14:22:52 +0000] "GET /api/user HTTP/1.1" 304 - "http://localhost:3000/" "Mozilla/5.0 (Windows NT 10.0; Win64; x64) AppleWebKit/537.36 (KHTML, like Gecko) Chrome/69.0.3497.100 Safari/537.36"
::1 - - [10/Nov/2018:14:22:53 +0000] "GET /api/user HTTP/1.1" 304 - "http://localhost:3000/" "Mozilla/5.0 (Windows NT 10.0; Win64; x64) AppleWebKit/537.36 (KHTML, like Gecko) Chrome/69.0.3497.100 Safari/537.36"
::1 - - [10/Nov/2018:14:22:53 +0000] "GET /api/user/5be6e30fa172bb1f0095d57f HTTP/1.1" 304 - "http://localhost:3000/" "Mozilla/5.0 (Windows NT 10.0; Win64; x64) AppleWebKit/537.36 (KHTML, like Gecko) Chrome/69.0.3497.100 Safari/537.36"
::1 - - [10/Nov/2018:14:22:55 +0000] "GET /api/user HTTP/1.1" 304 - "http://localhost:3000/" "Mozilla/5.0 (Windows NT 10.0; Win64; x64) AppleWebKit/537.36 (KHTML, like Gecko) Chrome/69.0.3497.100 Safari/537.36"
::1 - - [10/Nov/2018:14:22:57 +0000] "GET /api/user HTTP/1.1" 304 - "http://localhost:3000/" "Mozilla/5.0 (Windows NT 10.0; Win64; x64) AppleWebKit/537.36 (KHTML, like Gecko) Chrome/69.0.3497.100 Safari/537.36"
::ffff:127.0.0.1 - - [10/Nov/2018:14:23:03 +0000] "GET /api/user/5be6e30fa172bb1f0095d57f HTTP/1.1" 200 279 "-" "Apache-HttpClient/4.1.1 (java 1.5)"
::1 - - [10/Nov/2018:14:23:11 +0000] "GET /api/user HTTP/1.1" 304 - "http://localhost:3000/" "Mozilla/5.0 (Windows NT 10.0; Win64; x64) AppleWebKit/537.36 (KHTML, like Gecko) Chrome/69.0.3497.100 Safari/537.36"
::1 - - [10/Nov/2018:14:23:11 +0000] "GET /api/user/5be6e30fa172bb1f0095d57f HTTP/1.1" 304 - "http://localhost:3000/" "Mozilla/5.0 (Windows NT 10.0; Win64; x64) AppleWebKit/537.36 (KHTML, like Gecko) Chrome/69.0.3497.100 Safari/537.36"
